// Jest Snapshot v1, https://goo.gl/fbAQLP

exports[`Pruebas GifGridItem Debe mostrar el componente correctamente 1`] = `
<div
  className="card animate__animated animate__bounce animate__fadeIn"
>
  <img
    alt="Un titulo"
    src="https://algo.com/hola.jpg"
  />
  <p>
    Un titulo
  </p>
</div>
`;
